abinaya@UNIHQ6VVCYX37 rick-morty-automation-framework % mvn -s settings.xml clean test -Dev=qa
[INFO] Scanning for projects...
[INFO]
[INFO] ----------< com.rickandmorty:rick-morty-automation-framework >----------
[INFO] Building rick-morty-automation-framework 1.0-SNAPSHOT
[INFO]   from pom.xml
[INFO] --------------------------------[ jar ]---------------------------------
[INFO]
[INFO] --- clean:3.2.0:clean (default-clean) @ rick-morty-automation-framework ---
[INFO] Deleting /Users/abinaya/Documents/Folder-1/Personal/Personal/Von/rick-morty-automation-framework/target
[INFO]
[INFO] --- resources:3.3.1:resources (default-resources) @ rick-morty-automation-framework ---
[INFO] skip non existing resourceDirectory /Users/abinaya/Documents/Folder-1/Personal/Personal/Von/rick-morty-automation-framework/src/main/resources
[INFO]
[INFO] --- compiler:3.11.0:compile (default-compile) @ rick-morty-automation-framework ---
[INFO] Changes detected - recompiling the module! :source
[INFO] Compiling 11 source files with javac [debug target 11] to target/classes
[WARNING] system modules path not set in conjunction with -source 11
[INFO]
[INFO] --- resources:3.3.1:testResources (default-testResources) @ rick-morty-automation-framework ---
[INFO] Copying 9 resources from src/test/resources to target/test-classes
[INFO]
[INFO] --- compiler:3.11.0:testCompile (default-testCompile) @ rick-morty-automation-framework ---
[INFO] Changes detected - recompiling the module! :dependency
[INFO] Compiling 4 source files with javac [debug target 11] to target/test-classes
[WARNING] system modules path not set in conjunction with -source 11
[INFO]
[INFO] --- surefire:3.2.5:test (default-test) @ rick-morty-automation-framework ---
[INFO] Using auto detected provider org.apache.maven.surefire.testng.TestNGProvider
[INFO]
[INFO] -------------------------------------------------------
[INFO]  T E S T S
[INFO] -------------------------------------------------------
[INFO] Running TestSuite
2026-05-15 00:31:41.832 [main] DEBUG com.rickandmorty.utils.testng.AnnotationTransformer - Attached RetryAnalyzer to AbstractTestNGCucumberTests.runScenario

@api
Scenario: Search characters by name                                   # src/test/resources/features/api_character.feature:4
2026-05-15 00:31:42.023 [TestNG-test-UI and API Tests-1] INFO  com.rickandmorty.stepdefinitions.hooks.Hooks - ===== Starting scenario: Search characters by name =====
2026-05-15 00:31:42.024 [TestNG-test-UI and API Tests-1] INFO  com.rickandmorty.utils.config.ConfigReader - Loading configuration from src/test/resources/config/qa.properties
2026-05-15 00:31:42.025 [TestNG-test-UI and API Tests-1] DEBUG com.rickandmorty.utils.config.ConfigReader - Loaded 3 properties for env 'qa'
2026-05-15 00:31:42.025 [TestNG-test-UI and API Tests-1] DEBUG com.rickandmorty.utils.config.ConfigReader - Property 'apiBaseUrl' not found, falling back to default 'https://rickandmortyapi.com/api/'
2026-05-15 00:31:42.025 [TestNG-test-UI and API Tests-1] DEBUG com.rickandmorty.api.clients.CharacterClient - CharacterClient initialized with apiBaseUrl: https://rickandmortyapi.com/api/
2026-05-15 00:31:42.025 [TestNG-test-UI and API Tests-1] INFO  com.rickandmorty.stepdefinitions.api.CharacterApiSteps - Step: search characters by name='rick'
2026-05-15 00:31:42.025 [TestNG-test-UI and API Tests-1] INFO  com.rickandmorty.api.clients.CharacterClient - GET https://rickandmortyapi.com/api/character ?name=rick
2026-05-15 00:31:42.902 [TestNG-test-UI and API Tests-1] INFO  com.rickandmorty.api.clients.CharacterClient - Response 200 from GET https://rickandmortyapi.com/api/character?name=rick in 877 ms
2026-05-15 00:31:42.908 [TestNG-test-UI and API Tests-1] DEBUG com.rickandmorty.api.clients.CharacterClient - Response body: {"info":{"count":107,"pages":6,"next":"https://rickandmortyapi.com/api/character?page=2&name=rick","prev":null},"results":[{"id":1,"name":"Rick Sanchez","status":"Alive","species":"Human","type":"","gender":"Male","origin":{"name":"Earth (C-137)","url":"https://rickandmortyapi.com/api/location/1"},"location":{"name":"Citadel of Ricks","url":"https://rickandmortyapi.com/api/location/3"},"image":"https://rickandmortyapi.com/api/character/avatar/1.jpeg","episode":["https://rickandmortyapi.com/api/episode/1","https://rickandmortyapi.com/api/episode/2","https://rickandmortyapi.com/api/episode/3","https://rickandmortyapi.com/api/episode/4","https://rickandmortyapi.com/api/episode/5","https://rickandmortyapi.com/api/episode/6","https://rickandmortyapi.com/api/episode/7","https://rickandmortyapi.com/api/episode/8","https://rickandmortyapi.com/api/episode/9","https://rickandmortyapi.com/api/episode/10","https://rickandmortyapi.com/api/episode/11","https://rickandmortyapi.com/api/episode/12","https://rickandmortyapi.com/api/episode/13","https://rickandmortyapi.com/api/episode/14","https://rickandmortyapi.com/api/episode/15","https://rickandmortyapi.com/api/episode/16","https://rickandmortyapi.com/api/episode/17","https://rickandmortyapi.com/api/episode/18","https://rickandmortyapi.com/api/episode/19","https://rickandmortyapi.com/api/episode/20","https://rickandmortyapi.com/api/episode/21","https://rickandmortyapi.com/api/episode/22","https://rickandmortyapi.com/api/episode/23","https://rickandmortyapi.com/api/episode/24","https://rickandmortyapi.com/api/episode/25","https://rickandmortyapi.com/api/episode/26","https://rickandmortyapi.com/api/episode/27","https://rickandmortyapi.com/api/episode/28","https://rickandmortyapi.com/api/episode/29","https://rickandmortyapi.com/api/episode/30","https://rickandmortyapi.com/api/episode/31","https://rickandmortyapi.com/api/episode/32","https://rickandmortyapi.com/api/episode/33","https://rickandmortyapi.com/api/episode/34","https://rickandmortyapi.com/api/episode/35","https://rickandmortyapi.com/api/episode/36","https://rickandmortyapi.com/api/episode/37","https://rickandmortyapi.com/api/episode/38","https://rickandmortyapi.com/api/episode/39","https://rickandmortyapi.com/api/episode/40","https://rickandmortyapi.com/api/episode/41","https://rickandmortyapi.com/api/episode/42","https://rickandmortyapi.com/api/episode/43","https://rickandmortyapi.com/api/episode/44","https://rickandmortyapi.com/api/episode/45","https://rickandmortyapi.com/api/episode/46","https://rickandmortyapi.com/api/episode/47","https://rickandmortyapi.com/api/episode/48","https://rickandmortyapi.com/api/episode/49","https://rickandmortyapi.com/api/episode/50","https://rickandmortyapi.com/api/episode/51"],"url":"https://rickandmortyapi.com/api/character/1","created":"2017-11-04T18:48:46.250Z"},{"id":8,"name":"Adjudicator Rick","status":"Dead","species":"Human","type":"","gender":"Male","origin":{"name":"unknown","url":""},"location":{"name":"Citadel of Ricks","url":"https://rickandmortyapi.com/api/location/3"},"image":"https://rickandmortyapi.com/api/character/avatar/8.jpeg","episode":["https://rickandmortyapi.com/api/episode/28"],"url":"https://rickandmortyapi.com/api/character/8","created":"2017-11-04T20:03:34.737Z"},{"id":15,"name":"Alien Rick","status":"unknown","species":"Alien","type":"","gender":"Male","origin":{"name":"unknown","url":""},"location":{"name":"Citadel of Ricks","url":"https://rickandmortyapi.com/api/location/3"},"image":"https://rickandmortyapi.com/api/character/avatar/15.jpeg","episode":["https://rickandmortyapi.com/api/episode/10"],"url":"https://rickandmortyapi.com/api/character/15","created":"2017-11-04T20:56:13.215Z"},{"id":19,"name":"Antenna Rick","status":"unknown","species":"Human","type":"Human with antennae","gender":"Male","origin":{"name":"unknown","url":""},"location":{"name":"unknown","url":""},"image":"https://rickandmortyapi.com/api/character/avatar/19.jpeg","episode":["https://rickandmortyapi.com/api/episode/10"],"url":"https://rickandmortyapi.com/api/character/19","created":"2017-11-04T22:28:13.756Z"},{"id":22,"name":"Aqua Rick","status":"unknown","species":"Humanoid","type":"Fish-Person","gender":"Male","origin":{"name":"unknown","url":""},"location":{"name":"Citadel of Ricks","url":"https://rickandmortyapi.com/api/location/3"},"image":"https://rickandmortyapi.com/api/character/avatar/22.jpeg","episode":["https://rickandmortyapi.com/api/episode/10","https://rickandmortyapi.com/api/episode/22","https://rickandmortyapi.com/api/episode/28"],"url":"https://rickandmortyapi.com/api/character/22","created":"2017-11-04T22:41:07.171Z"},{"id":48,"name":"Black Rick","status":"Alive","species":"Human","type":"","gender":"Male","origin":{"name":"unknown","url":""},"location":{"name":"Citadel of Ricks","url":"https://rickandmortyapi.com/api/location/3"},"image":"https://rickandmortyapi.com/api/character/avatar/48.jpeg","episode":["https://rickandmortyapi.com/api/episode/22","https://rickandmortyapi.com/api/episode/28"],"url":"https://rickandmortyapi.com/api/character/48","created":"2017-11-05T11:15:26.044Z"},{"id":56,"name":"Bootleg Portal Chemist Rick","status":"Dead","species":"Human","type":"","gender":"Male","origin":{"name":"unknown","url":""},"location":{"name":"Citadel of Ricks","url":"https://rickandmortyapi.com/api/location/3"},"image":"https://rickandmortyapi.com/api/character/avatar/56.jpeg","episode":["https://rickandmortyapi.com/api/episode/28"],"url":"https://rickandmortyapi.com/api/character/56","created":"2017-11-05T11:34:16.447Z"},{"id":69,"name":"Commander Rick","status":"Dead","species":"Human","type":"","gender":"Male","origin":{"name":"unknown","url":""},"location":{"name":"Citadel of Ricks","url":"https://rickandmortyapi.com/api/location/3"},"image":"https://rickandmortyapi.com/api/character/avatar/69.jpeg","episode":["https://rickandmortyapi.com/api/episode/22"],"url":"https://rickandmortyapi.com/api/character/69","created":"2017-11-30T11:28:06.461Z"},{"id":72,"name":"Cool Rick","status":"Alive","species":"Human","type":"","gender":"Male","origin":{"name":"Earth (K-83)","url":"https://rickandmortyapi.com/api/location/26"},"location":{"name":"Citadel of Ricks","url":"https://rickandmortyapi.com/api/location/3"},"image":"https://rickandmortyapi.com/api/character/avatar/72.jpeg","episode":["https://rickandmortyapi.com/api/episode/28"],"url":"https://rickandmortyapi.com/api/character/72","created":"2017-11-30T11:41:11.542Z"},{"id":74,"name":"Cop Rick","status":"Alive","species":"Human","type":"","gender":"Male","origin":{"name":"unknown","url":""},"location":{"name":"Citadel of Ricks","url":"https://rickandmortyapi.com/api/location/3"},"image":"https://rickandmortyapi.com/api/character/avatar/74.jpeg","episode":["https://rickandmortyapi.com/api/episode/28"],"url":"https://rickandmortyapi.com/api/character/74","created":"2017-11-30T11:48:18.950Z"},{"id":78,"name":"Cowboy Rick","status":"Alive","species":"Human","type":"","gender":"Male","origin":{"name":"unknown","url":""},"location":{"name":"Citadel of Ricks","url":"https://rickandmortyapi.com/api/location/3"},"image":"https://rickandmortyapi.com/api/character/avatar/78.jpeg","episode":["https://rickandmortyapi.com/api/episode/10","https://rickandmortyapi.com/api/episode/28"],"url":"https://rickandmortyapi.com/api/character/78","created":"2017-11-30T14:15:18.347Z"},{"id":82,"name":"Cronenberg Rick","status":"unknown","species":"Cronenberg","type":"","gender":"Male","origin":{"name":"Cronenberg Earth","url":"https://rickandmortyapi.com/api/location/12"},"location":{"name":"Earth (C-137)","url":"https://rickandmortyapi.com/api/location/1"},"image":"https://rickandmortyapi.com/api/character/avatar/82.jpeg","episode":["https://rickandmortyapi.com/api/episode/6","https://rickandmortyapi.com/api/episode/10"],"url":"https://rickandmortyapi.com/api/character/82","created":"2017-11-30T14:28:54.596Z"},{"id":86,"name":"Cyclops Rick","status":"Dead","species":"Humanoid","type":"","gender":"Male","origin":{"name":"unknown","url":""},"location":{"name":"Citadel of Ricks","url":"https://rickandmortyapi.com/api/location/3"},"image":"https://rickandmortyapi.com/api/character/avatar/86.jpeg","episode":["https://rickandmortyapi.com/api/episode/10","https://rickandmortyapi.com/api/episode/22","https://rickandmortyapi.com/api/episode/28"],"url":"https://rickandmortyapi.com/api/character/86","created":"2017-11-30T20:53:10.382Z"},{"id":103,"name":"Doofus Rick","status":"unknown","species":"Human","type":"","gender":"Male","origin":{"name":"Earth (J19ζ7)","url":"https://rickandmortyapi.com/api/location/31"},"location":{"name":"Earth (Replacement Dimension)","url":"https://rickandmortyapi.com/api/location/20"},"image":"https://rickandmortyapi.com/api/character/avatar/103.jpeg","episode":["https://rickandmortyapi.com/api/episode/10","https://rickandmortyapi.com/api/episode/22"],"url":"https://rickandmortyapi.com/api/character/103","created":"2017-12-01T12:29:27.984Z"},{"id":119,"name":"Evil Rick","status":"Dead","species":"Humanoid","type":"Robot","gender":"Male","origin":{"name":"unknown","url":""},"location":{"name":"Citadel of Ricks","url":"https://rickandmortyapi.com/api/location/3"},"image":"https://rickandmortyapi.com/api/character/avatar/119.jpeg","episode":["https://rickandmortyapi.com/api/episode/10"],"url":"https://rickandmortyapi.com/api/character/119","created":"2017-12-26T16:17:16.472Z"},{"id":135,"name":"Garment District Rick","status":"Dead","species":"Human","type":"","gender":"Male","origin":{"name":"unknown","url":""},"location":{"name":"Citadel of Ricks","url":"https://rickandmortyapi.com/api/location/3"},"image":"https://rickandmortyapi.com/api/character/avatar/135.jpeg","episode":["https://rickandmortyapi.com/api/episode/28"],"url":"https://rickandmortyapi.com/api/character/135","created":"2017-12-26T20:51:43.614Z"},{"id":164,"name":"Insurance Rick","status":"unknown","species":"Human","type":"","gender":"Male","origin":{"name":"unknown","url":""},"location":{"name":"Citadel of Ricks","url":"https://rickandmortyapi.com/api/location/3"},"image":"https://rickandmortyapi.com/api/character/avatar/164.jpeg","episode":["https://rickandmortyapi.com/api/episode/10"],"url":"https://rickandmortyapi.com/api/character/164","created":"2017-12-29T17:03:08.645Z"},{"id":165,"name":"Investigator Rick","status":"Dead","species":"Human","type":"","gender":"Male","origin":{"name":"unknown","url":""},"location":{"name":"Citadel of Ricks","url":"https://rickandmortyapi.com/api/location/3"},"image":"https://rickandmortyapi.com/api/character/avatar/165.jpeg","episode":["https://rickandmortyapi.com/api/episode/28"],"url":"https://rickandmortyapi.com/api/character/165","created":"2017-12-29T17:05:15.514Z"},{"id":187,"name":"Juggling Rick","status":"unknown","species":"Human","type":"","gender":"Male","origin":{"name":"unknown","url":""},"location":{"name":"Citadel of Ricks","url":"https://rickandmortyapi.com/api/location/3"},"image":"https://rickandmortyapi.com/api/character/avatar/187.jpeg","episode":["https://rickandmortyapi.com/api/episode/28"],"url":"https://rickandmortyapi.com/api/character/187","created":"2017-12-29T18:59:47.440Z"},{"id":215,"name":"Maximums Rickimus","status":"Dead","species":"Human","type":"","gender":"Male","origin":{"name":"unknown","url":""},"location":{"name":"Rick's Memories","url":"https://rickandmortyapi.com/api/location/126"},"image":"https://rickandmortyapi.com/api/character/avatar/215.jpeg","episode":["https://rickandmortyapi.com/api/episode/10","https://rickandmortyapi.com/api/episode/22","https://rickandmortyapi.com/api/episode/51"],"url":"https://rickandmortyapi.com/api/character/215","created":"2017-12-30T14:27:55.489Z"}]}
  When I search for characters with name "rick"                       # com.rickandmorty.stepdefinitions.api.CharacterApiSteps.searchByName(java.lang.String)
2026-05-15 00:31:42.910 [TestNG-test-UI and API Tests-1] INFO  com.rickandmorty.stepdefinitions.api.CharacterApiSteps - Step: verifying status code is 200
  Then the API response status should be 200                          # com.rickandmorty.stepdefinitions.api.CharacterApiSteps.verifyStatus(int)
2026-05-15 00:31:42.911 [TestNG-test-UI and API Tests-1] INFO  com.rickandmorty.stepdefinitions.api.CharacterApiSteps - Step: verifying results contain 'Rick'
2026-05-15 00:31:42.960 [TestNG-test-UI and API Tests-1] DEBUG com.rickandmorty.stepdefinitions.api.CharacterApiSteps - Match found in results: true
  And the results should contain characters with "Rick" in their name # com.rickandmorty.stepdefinitions.api.CharacterApiSteps.verifyNameInResults(java.lang.String)
2026-05-15 00:31:42.960 [TestNG-test-UI and API Tests-1] INFO  com.rickandmorty.stepdefinitions.api.CharacterApiSteps - Step: validating response against schema 'schemas/character-list.json'
2026-05-15 00:31:43.037 [TestNG-test-UI and API Tests-1] DEBUG com.rickandmorty.stepdefinitions.api.CharacterApiSteps - Schema validation passed for 'schemas/character-list.json'
  And the response should match JSON schema "character-list"          # com.rickandmorty.stepdefinitions.api.CharacterApiSteps.verifyMatchesSchema(java.lang.String)
2026-05-15 00:31:43.038 [TestNG-test-UI and API Tests-1] INFO  com.rickandmorty.stepdefinitions.hooks.Hooks - Scenario PASSED: Search characters by name
2026-05-15 00:31:43.038 [TestNG-test-UI and API Tests-1] INFO  com.rickandmorty.stepdefinitions.hooks.Hooks - ===== Finished scenario: Search characters by name =====

@api
Scenario: Handle invalid character ID                                 # src/test/resources/features/api_character.feature:10
2026-05-15 00:31:43.042 [TestNG-test-UI and API Tests-1] INFO  com.rickandmorty.stepdefinitions.hooks.Hooks - ===== Starting scenario: Handle invalid character ID =====
2026-05-15 00:31:43.042 [TestNG-test-UI and API Tests-1] DEBUG com.rickandmorty.utils.config.ConfigReader - Property 'apiBaseUrl' not found, falling back to default 'https://rickandmortyapi.com/api/'
2026-05-15 00:31:43.042 [TestNG-test-UI and API Tests-1] DEBUG com.rickandmorty.api.clients.CharacterClient - CharacterClient initialized with apiBaseUrl: https://rickandmortyapi.com/api/
2026-05-15 00:31:43.043 [TestNG-test-UI and API Tests-1] INFO  com.rickandmorty.stepdefinitions.api.CharacterApiSteps - Step: search character by id='99999'
2026-05-15 00:31:43.043 [TestNG-test-UI and API Tests-1] INFO  com.rickandmorty.api.clients.CharacterClient - GET https://rickandmortyapi.com/api/character/99999
2026-05-15 00:31:43.238 [TestNG-test-UI and API Tests-1] INFO  com.rickandmorty.api.clients.CharacterClient - Response 404 from GET https://rickandmortyapi.com/api/character/99999 in 195 ms
2026-05-15 00:31:43.239 [TestNG-test-UI and API Tests-1] DEBUG com.rickandmorty.api.clients.CharacterClient - Response body: {"error":"Character not found"}
  When I search for character ID "99999"                              # com.rickandmorty.stepdefinitions.api.CharacterApiSteps.searchById(java.lang.String)
2026-05-15 00:31:43.239 [TestNG-test-UI and API Tests-1] INFO  com.rickandmorty.stepdefinitions.api.CharacterApiSteps - Step: verifying status code is 404
  Then the API response status should be 404                          # com.rickandmorty.stepdefinitions.api.CharacterApiSteps.verifyStatus(int)
2026-05-15 00:31:43.239 [TestNG-test-UI and API Tests-1] INFO  com.rickandmorty.stepdefinitions.api.CharacterApiSteps - Step: verifying error message 'Character not found'
  And the response should contain error message "Character not found" # com.rickandmorty.stepdefinitions.api.CharacterApiSteps.verifyErrorMessage(java.lang.String)
2026-05-15 00:31:43.382 [TestNG-test-UI and API Tests-1] INFO  com.rickandmorty.stepdefinitions.hooks.Hooks - Scenario PASSED: Handle invalid character ID
2026-05-15 00:31:43.382 [TestNG-test-UI and API Tests-1] INFO  com.rickandmorty.stepdefinitions.hooks.Hooks - ===== Finished scenario: Handle invalid character ID =====

@api
Scenario: Search returns no matches                                     # src/test/resources/features/api_character.feature:15
2026-05-15 00:31:43.384 [TestNG-test-UI and API Tests-1] INFO  com.rickandmorty.stepdefinitions.hooks.Hooks - ===== Starting scenario: Search returns no matches =====
2026-05-15 00:31:43.385 [TestNG-test-UI and API Tests-1] DEBUG com.rickandmorty.utils.config.ConfigReader - Property 'apiBaseUrl' not found, falling back to default 'https://rickandmortyapi.com/api/'
2026-05-15 00:31:43.385 [TestNG-test-UI and API Tests-1] DEBUG com.rickandmorty.api.clients.CharacterClient - CharacterClient initialized with apiBaseUrl: https://rickandmortyapi.com/api/
2026-05-15 00:31:43.385 [TestNG-test-UI and API Tests-1] INFO  com.rickandmorty.stepdefinitions.api.CharacterApiSteps - Step: search characters by name='zzzzznotreal'
2026-05-15 00:31:43.385 [TestNG-test-UI and API Tests-1] INFO  com.rickandmorty.api.clients.CharacterClient - GET https://rickandmortyapi.com/api/character ?name=zzzzznotreal
2026-05-15 00:31:43.537 [TestNG-test-UI and API Tests-1] INFO  com.rickandmorty.api.clients.CharacterClient - Response 404 from GET https://rickandmortyapi.com/api/character?name=zzzzznotreal in 152 ms
2026-05-15 00:31:43.537 [TestNG-test-UI and API Tests-1] DEBUG com.rickandmorty.api.clients.CharacterClient - Response body: {"error":"There is nothing here"}
  When I search for characters with name "zzzzznotreal"                 # com.rickandmorty.stepdefinitions.api.CharacterApiSteps.searchByName(java.lang.String)
2026-05-15 00:31:43.537 [TestNG-test-UI and API Tests-1] INFO  com.rickandmorty.stepdefinitions.api.CharacterApiSteps - Step: verifying status code is 404
  Then the API response status should be 404                            # com.rickandmorty.stepdefinitions.api.CharacterApiSteps.verifyStatus(int)
2026-05-15 00:31:43.538 [TestNG-test-UI and API Tests-1] INFO  com.rickandmorty.stepdefinitions.api.CharacterApiSteps - Step: verifying error message 'There is nothing here'
  And the response should contain error message "There is nothing here" # com.rickandmorty.stepdefinitions.api.CharacterApiSteps.verifyErrorMessage(java.lang.String)
2026-05-15 00:31:43.543 [TestNG-test-UI and API Tests-1] INFO  com.rickandmorty.stepdefinitions.hooks.Hooks - Scenario PASSED: Search returns no matches
2026-05-15 00:31:43.544 [TestNG-test-UI and API Tests-1] INFO  com.rickandmorty.stepdefinitions.hooks.Hooks - ===== Finished scenario: Search returns no matches =====

@ui @smoke
Scenario: Verify About Page contains author information  # src/test/resources/features/navigation.feature:4
2026-05-15 00:31:43.546 [TestNG-test-UI and API Tests-1] INFO  com.rickandmorty.stepdefinitions.hooks.Hooks - ===== Starting scenario: Verify About Page contains author information =====
2026-05-15 00:31:43.547 [TestNG-test-UI and API Tests-1] INFO  com.rickandmorty.utils.driver.DriverManager - Initializing WebDriver — browser: chrome, headless: false
2026-05-15 00:31:43.629 [TestNG-test-UI and API Tests-1] INFO  io.github.bonigarcia.wdm.WebDriverManager - Using chromedriver 148.0.7778.167 (resolved driver for Chrome 148)
2026-05-15 00:31:43.647 [TestNG-test-UI and API Tests-1] INFO  io.github.bonigarcia.wdm.WebDriverManager - Exporting webdriver.chrome.driver as /Users/abinaya/.cache/selenium/chromedriver/mac-arm64/148.0.7778.167/chromedriver
May 15, 2026 12:31:44 AM org.openqa.selenium.devtools.CdpVersionFinder findNearestMatch
WARNING: Unable to find CDP implementation matching 148
May 15, 2026 12:31:44 AM org.openqa.selenium.chromium.ChromiumDriver lambda$new$5
WARNING: Unable to find version of CDP to use for 148.0.7778.97. You may need to include a dependency on a specific version of the CDP using something similar to `org.seleniumhq.selenium:selenium-devtools-v86:4.21.0` where the version ("v86") matches the version of the chromium-based browser you're using and the version number of the artifact is the same as Selenium's.
2026-05-15 00:31:45.275 [TestNG-test-UI and API Tests-1] INFO  com.rickandmorty.utils.driver.DriverManager - WebDriver initialized for thread TestNG-test-UI and API Tests-1
2026-05-15 00:31:45.277 [TestNG-test-UI and API Tests-1] INFO  com.rickandmorty.stepdefinitions.ui.NavigationSteps - Navigating to home page: https://rickandmortyapi.com/
  Given I am on the Rick and Morty home page             # com.rickandmorty.stepdefinitions.ui.NavigationSteps.i_am_on_home_page()
2026-05-15 00:31:46.483 [TestNG-test-UI and API Tests-1] INFO  com.rickandmorty.stepdefinitions.ui.NavigationSteps - Step: clicking 'About' link
2026-05-15 00:31:46.484 [TestNG-test-UI and API Tests-1] INFO  com.rickandmorty.ui.pages.HomePage - Clicking About link in top navigation
2026-05-15 00:31:46.859 [TestNG-test-UI and API Tests-1] DEBUG com.rickandmorty.ui.pages.HomePage - About link click dispatched
  When I click on the "About" link                       # com.rickandmorty.stepdefinitions.ui.NavigationSteps.i_click_on_the_link(java.lang.String)
2026-05-15 00:31:46.860 [TestNG-test-UI and API Tests-1] INFO  com.rickandmorty.stepdefinitions.ui.NavigationSteps - Step: verifying redirection to About page
2026-05-15 00:31:46.860 [TestNG-test-UI and API Tests-1] INFO  com.rickandmorty.ui.pages.AboutPage - Waiting for redirection to About page
2026-05-15 00:31:47.383 [TestNG-test-UI and API Tests-1] INFO  com.rickandmorty.ui.pages.AboutPage - Successfully landed on About page: https://rickandmortyapi.com/about
2026-05-15 00:31:47.388 [TestNG-test-UI and API Tests-1] DEBUG com.rickandmorty.ui.pages.AboutPage - Current URL: https://rickandmortyapi.com/about
  Then I should be redirected to the about page          # com.rickandmorty.stepdefinitions.ui.NavigationSteps.i_should_be_redirected_to_the_about_page()
2026-05-15 00:31:47.388 [TestNG-test-UI and API Tests-1] INFO  com.rickandmorty.stepdefinitions.ui.NavigationSteps - Step: verifying Technical section
2026-05-15 00:31:47.388 [TestNG-test-UI and API Tests-1] INFO  com.rickandmorty.ui.pages.AboutPage - Verifying 'Technical' section is displayed
2026-05-15 00:31:47.407 [TestNG-test-UI and API Tests-1] DEBUG com.rickandmorty.ui.pages.AboutPage - Technical section displayed: true
  And I should see information about the technical stuff # com.rickandmorty.stepdefinitions.ui.NavigationSteps.i_should_see_technical_info()
2026-05-15 00:31:47.407 [TestNG-test-UI and API Tests-1] INFO  com.rickandmorty.stepdefinitions.ui.NavigationSteps - Step: verifying author 'Axel Fuhrmann' is mentioned on the page
2026-05-15 00:31:47.407 [TestNG-test-UI and API Tests-1] INFO  com.rickandmorty.ui.pages.AboutPage - Verifying author 'Axel Fuhrmann' is mentioned on the page
2026-05-15 00:31:47.418 [TestNG-test-UI and API Tests-1] DEBUG com.rickandmorty.ui.pages.AboutPage - Author element present: true
  And I should see the author "Axel Fuhrmann" mentioned  # com.rickandmorty.stepdefinitions.ui.NavigationSteps.i_should_see_author_mentioned(java.lang.String)
2026-05-15 00:31:47.419 [TestNG-test-UI and API Tests-1] INFO  com.rickandmorty.stepdefinitions.hooks.Hooks - Scenario PASSED: Verify About Page contains author information
2026-05-15 00:31:47.419 [TestNG-test-UI and API Tests-1] INFO  com.rickandmorty.utils.driver.DriverManager - Quitting WebDriver for thread TestNG-test-UI and API Tests-1
2026-05-15 00:31:47.550 [TestNG-test-UI and API Tests-1] INFO  com.rickandmorty.stepdefinitions.hooks.Hooks - ===== Finished scenario: Verify About Page contains author information =====
[INFO] Tests run: 4, Failures: 0, Errors: 0, Skipped: 0, Time elapsed: 6.026 s -- in TestSuite
[INFO]
[INFO] Results:
[INFO]
[INFO] Tests run: 4, Failures: 0, Errors: 0, Skipped: 0
[INFO]
[INFO] ------------------------------------------------------------------------
[INFO] BUILD SUCCESS
[INFO] ------------------------------------------------------------------------
[INFO] Total time:  10.058 s
[INFO] Finished at: 2026-05-15T00:31:48+05:30
[INFO] ------------------------------------------------------------------------
abinaya@UNIHQ6VVCYX37 rick-morty-automation-framework %